\BOOKMARK [0][-]{chapter*.3}{\376\377\000\315\000n\000d\000i\000c\000e\000\040\000d\000e\000\040\000f\000i\000g\000u\000r\000a\000s}{}% 1
\BOOKMARK [0][-]{chapter.1}{\376\377\000I\000n\000t\000r\000o\000d\000u\000c\000c\000i\000\363\000n}{}% 2
\BOOKMARK [0][-]{chapter.2}{\376\377\000O\000b\000j\000e\000t\000i\000v\000o\000s}{}% 3
\BOOKMARK [1][-]{section.2.1}{\376\377\000O\000b\000j\000e\000t\000i\000v\000o\000\040\000P\000r\000i\000n\000c\000i\000p\000a\000l}{chapter.2}% 4
\BOOKMARK [1][-]{section.2.2}{\376\377\000O\000b\000j\000e\000t\000i\000v\000o\000s\000\040\000S\000e\000c\000u\000n\000d\000a\000r\000i\000o\000s}{chapter.2}% 5
\BOOKMARK [0][-]{chapter.3}{\376\377\000M\000a\000r\000c\000o\000\040\000t\000e\000\363\000r\000i\000c\000o}{}% 6
\BOOKMARK [1][-]{section.3.1}{\376\377\000A\000l\000g\000o\000r\000i\000t\000m\000o\000s\000\040\000d\000e\000\040\000O\000r\000d\000e\000n\000a\000m\000i\000e\000n\000t\000o}{chapter.3}% 7
\BOOKMARK [1][-]{section.3.2}{\376\377\000A\000l\000g\000o\000r\000i\000t\000m\000o\000s\000\040\000d\000e\000\040\000B\000\372\000s\000q\000u\000e\000d\000a}{chapter.3}% 8
\BOOKMARK [1][-]{section.3.3}{\376\377\000A\000l\000g\000o\000r\000i\000t\000m\000o\000s\000\040\000d\000e\000\040\000S\000e\000l\000e\000c\000c\000i\000\363\000n}{chapter.3}% 9
\BOOKMARK [0][-]{chapter.4}{\376\377\000D\000e\000s\000a\000r\000r\000o\000l\000l\000o}{}% 10
\BOOKMARK [1][-]{section.4.1}{\376\377\000D\000i\000s\000e\000\361\000o\000\040\000g\000e\000n\000e\000r\000a\000l\000\040\000d\000e\000l\000\040\000s\000i\000s\000t\000e\000m\000a}{chapter.4}% 11
\BOOKMARK [2][-]{subsection.4.1.1}{\376\377\000E\000s\000t\000r\000u\000c\000t\000u\000r\000a\000\040\000d\000e\000\040\000d\000a\000t\000o\000s\000\040\000d\000e\000\040\000l\000o\000s\000\040\000d\000e\000p\000o\000r\000t\000i\000s\000t\000a\000s}{section.4.1}% 12
\BOOKMARK [2][-]{subsection.4.1.2}{\376\377\000G\000e\000n\000e\000r\000a\000c\000i\000\363\000n\000\040\000y\000\040\000c\000a\000r\000g\000a\000\040\000d\000e\000\040\000d\000a\000t\000o\000s}{section.4.1}% 13
\BOOKMARK [2][-]{subsection.4.1.3}{\376\377\000F\000u\000n\000c\000i\000o\000n\000a\000l\000i\000d\000a\000d\000e\000s\000\040\000d\000e\000l\000\040\000s\000i\000s\000t\000e\000m\000a}{section.4.1}% 14
\BOOKMARK [1][-]{section.4.2}{\376\377\000A\000l\000g\000o\000r\000i\000t\000m\000o\000s\000\040\000d\000e\000\040\000o\000r\000d\000e\000n\000a\000m\000i\000e\000n\000t\000o}{chapter.4}% 15
\BOOKMARK [2][-]{subsection.4.2.1}{\376\377\000M\000e\000r\000g\000e\000\040\000S\000o\000r\000t}{section.4.2}% 16
\BOOKMARK [3][-]{subsubsection.4.2.1.1}{\376\377\000I\000m\000p\000l\000e\000m\000e\000n\000t\000a\000c\000i\000o\000n\000\040\000M\000e\000r\000g\000e\000\040\000S\000o\000r\000t}{subsection.4.2.1}% 17
\BOOKMARK [2][-]{subsection.4.2.2}{\376\377\000M\000e\000r\000g\000e\000-\000I\000n\000s\000e\000r\000t\000i\000o\000n\000\040\000S\000o\000r\000t}{section.4.2}% 18
\BOOKMARK [3][-]{subsubsection.4.2.2.1}{\376\377\000I\000m\000p\000l\000e\000m\000e\000n\000t\000a\000c\000i\000o\000n\000\040\000M\000e\000r\000g\000e\000-\000I\000n\000s\000e\000r\000t\000i\000o\000n\000\040\000S\000o\000r\000t}{subsection.4.2.2}% 19
\BOOKMARK [2][-]{subsection.4.2.3}{\376\377\000Q\000u\000i\000c\000k\000\040\000S\000o\000r\000t}{section.4.2}% 20
\BOOKMARK [3][-]{subsubsection.4.2.3.1}{\376\377\000I\000m\000p\000l\000e\000m\000e\000n\000t\000a\000c\000i\000o\000n\000\040\000Q\000u\000i\000c\000k\000\040\000S\000o\000r\000t}{subsection.4.2.3}% 21
\BOOKMARK [1][-]{section.4.3}{\376\377\000A\000l\000g\000o\000r\000i\000t\000m\000o\000s\000\040\000d\000e\000\040\000b\000\372\000s\000q\000u\000e\000d\000a}{chapter.4}% 22
\BOOKMARK [2][-]{subsection.4.3.1}{\376\377\000B\000\372\000s\000q\000u\000e\000d\000a\000\040\000b\000i\000n\000a\000r\000i\000a\000\040\000r\000e\000c\000u\000r\000s\000i\000v\000a}{section.4.3}% 23
\BOOKMARK [3][-]{subsubsection.4.3.1.1}{\376\377\000I\000m\000p\000l\000e\000m\000e\000n\000t\000a\000c\000i\000o\000n\000\040\000B\000u\000s\000q\000u\000e\000d\000a\000\040\000B\000i\000n\000a\000r\000i\000a}{subsection.4.3.1}% 24
\BOOKMARK [2][-]{subsection.4.3.2}{\376\377\000B\000\372\000s\000q\000u\000e\000d\000a\000\040\000e\000x\000p\000o\000n\000e\000n\000c\000i\000a\000l}{section.4.3}% 25
\BOOKMARK [3][-]{subsubsection.4.3.2.1}{\376\377\000I\000m\000p\000l\000e\000m\000e\000n\000t\000a\000c\000i\000o\000n\000\040\000B\000u\000s\000q\000u\000e\000d\000a\000\040\000E\000x\000p\000o\000n\000e\000n\000c\000i\000a\000l}{subsection.4.3.2}% 26
\BOOKMARK [2][-]{subsection.4.3.3}{\376\377\000B\000\372\000s\000q\000u\000e\000d\000a\000\040\000p\000o\000r\000\040\000i\000n\000t\000e\000r\000p\000o\000l\000a\000c\000i\000\363\000n}{section.4.3}% 27
\BOOKMARK [3][-]{subsubsection.4.3.3.1}{\376\377\000I\000m\000p\000l\000e\000m\000e\000n\000t\000a\000c\000i\000o\000n\000\040\000B\000u\000s\000q\000u\000e\000d\000a\000\040\000p\000o\000r\000\040\000I\000n\000t\000e\000r\000p\000o\000l\000a\000c\000i\000o\000n}{subsection.4.3.3}% 28
\BOOKMARK [2][-]{subsection.4.3.4}{\376\377\000B\000\372\000s\000q\000u\000e\000d\000a\000\040\000B\000i\000n\000a\000r\000i\000a\000\040\000p\000o\000r\000\040\000R\000a\000n\000g\000o\000s}{section.4.3}% 29
\BOOKMARK [3][-]{subsubsection.4.3.4.1}{\376\377\000I\000m\000p\000l\000e\000m\000e\000n\000t\000a\000c\000i\000o\000n\000\040\000B\000\372\000s\000q\000u\000e\000d\000a\000\040\000B\000i\000n\000a\000r\000i\000a\000\040\000p\000o\000r\000\040\000R\000a\000n\000g\000o\000s}{subsection.4.3.4}% 30
\BOOKMARK [1][-]{section.4.4}{\376\377\000A\000l\000g\000o\000r\000i\000t\000m\000o\000s\000\040\000d\000e\000\040\000s\000e\000l\000e\000c\000c\000i\000\363\000n}{chapter.4}% 31
\BOOKMARK [2][-]{subsection.4.4.1}{\376\377\000Q\000u\000i\000c\000k\000\040\000S\000e\000l\000e\000c\000t}{section.4.4}% 32
\BOOKMARK [3][-]{subsubsection.4.4.1.1}{\376\377\000I\000m\000p\000l\000e\000m\000e\000n\000t\000a\000c\000i\000o\000n\000\040\000Q\000u\000i\000c\000k\000\040\000S\000e\000l\000e\000c\000t}{subsection.4.4.1}% 33
\BOOKMARK [1][-]{section.4.5}{\376\377\000B\000e\000n\000c\000h\000m\000a\000r\000k\000s\000,\000\040\000G\000e\000n\000e\000r\000a\000c\000i\000o\000n\000\040\000d\000e\000\040\000r\000e\000s\000u\000l\000t\000a\000d\000o\000s\000\040\000y\000\040\000g\000r\000a\000f\000i\000c\000o\000s}{chapter.4}% 34
\BOOKMARK [2][-]{subsection.4.5.1}{\376\377\000G\000e\000n\000e\000r\000a\000c\000i\000o\000n\000\040\000d\000e\000\040\000g\000r\000a\000f\000i\000c\000o\000s}{section.4.5}% 35
\BOOKMARK [1][-]{section.4.6}{\376\377\000A\000n\000\341\000l\000i\000s\000i\000s\000\040\000d\000e\000\040\000R\000e\000s\000u\000l\000t\000a\000d\000o\000s}{chapter.4}% 36
\BOOKMARK [2][-]{subsection.4.6.1}{\376\377\000C\000o\000m\000p\000a\000r\000a\000c\000i\000\363\000n\000\040\000d\000e\000\040\000a\000l\000g\000o\000r\000i\000t\000m\000o\000s\000\040\000d\000e\000\040\000o\000r\000d\000e\000n\000a\000m\000i\000e\000n\000t\000o}{section.4.6}% 37
\BOOKMARK [3][-]{subsubsection.4.6.1.1}{\376\377\000A\000n\000\341\000l\000i\000s\000i\000s\000\040\000d\000e\000\040\000m\000e\000j\000o\000r\000\040\000c\000a\000s\000o}{subsection.4.6.1}% 38
\BOOKMARK [3][-]{subsubsection.4.6.1.2}{\376\377\000A\000n\000\341\000l\000i\000s\000i\000s\000\040\000d\000e\000\040\000c\000a\000s\000o\000\040\000p\000r\000o\000m\000e\000d\000i\000o}{subsection.4.6.1}% 39
\BOOKMARK [3][-]{subsubsection.4.6.1.3}{\376\377\000A\000n\000\341\000l\000i\000s\000i\000s\000\040\000d\000e\000\040\000p\000e\000o\000r\000\040\000c\000a\000s\000o}{subsection.4.6.1}% 40
\BOOKMARK [3][-]{subsubsection.4.6.1.4}{\376\377\000A\000n\000a\000l\000i\000s\000i\000s\000\040\000M\000e\000r\000g\000e\000-\000I\000n\000s\000e\000r\000t\000i\000o\000n\000\040\000S\000o\000r\000t}{subsection.4.6.1}% 41
\BOOKMARK [2][-]{subsection.4.6.2}{\376\377\000C\000o\000m\000p\000a\000r\000a\000c\000i\000\363\000n\000\040\000d\000e\000\040\000a\000l\000g\000o\000r\000i\000t\000m\000o\000s\000\040\000d\000e\000\040\000b\000\372\000s\000q\000u\000e\000d\000a}{section.4.6}% 42
\BOOKMARK [3][-]{subsubsection.4.6.2.1}{\376\377\000A\000n\000\341\000l\000i\000s\000i\000s\000\040\000d\000e\000\040\000p\000e\000o\000r\000\040\000c\000a\000s\000o}{subsection.4.6.2}% 43
\BOOKMARK [3][-]{subsubsection.4.6.2.2}{\376\377\000A\000n\000\341\000l\000i\000s\000i\000s\000\040\000d\000e\000\040\000c\000a\000s\000o\000\040\000p\000r\000o\000m\000e\000d\000i\000o}{subsection.4.6.2}% 44
\BOOKMARK [3][-]{subsubsection.4.6.2.3}{\376\377\000A\000n\000\341\000l\000i\000s\000i\000s\000\040\000B\000u\000s\000q\000u\000e\000d\000a\000\040\000B\000i\000n\000a\000r\000i\000a\000\040\000p\000o\000r\000\040\000R\000a\000n\000g\000o\000s}{subsection.4.6.2}% 45
\BOOKMARK [2][-]{subsection.4.6.3}{\376\377\000A\000n\000\341\000l\000i\000s\000i\000s\000\040\000d\000e\000\040\000Q\000u\000i\000c\000k\000\040\000S\000e\000l\000e\000c\000t}{section.4.6}% 46
\BOOKMARK [3][-]{subsubsection.4.6.3.1}{\376\377\000A\000n\000\341\000l\000i\000s\000i\000s\000\040\000d\000e\000\040\000m\000e\000j\000o\000r\000\040\000c\000a\000s\000o}{subsection.4.6.3}% 47
\BOOKMARK [3][-]{subsubsection.4.6.3.2}{\376\377\000A\000n\000\341\000l\000i\000s\000i\000s\000\040\000d\000e\000\040\000c\000a\000s\000o\000\040\000p\000r\000o\000m\000e\000d\000i\000o}{subsection.4.6.3}% 48
\BOOKMARK [3][-]{subsubsection.4.6.3.3}{\376\377\000A\000n\000\341\000l\000i\000s\000i\000s\000\040\000d\000e\000\040\000p\000e\000o\000r\000\040\000c\000a\000s\000o}{subsection.4.6.3}% 49
\BOOKMARK [2][-]{subsection.4.6.4}{\376\377\000C\000o\000m\000p\000a\000r\000a\000c\000i\000o\000n\000\040\000c\000o\000n\000\040\000a\000l\000g\000o\000r\000i\000t\000m\000o\000s\000\040\000i\000t\000e\000r\000a\000t\000i\000v\000o\000s}{section.4.6}% 50
\BOOKMARK [3][-]{subsubsection.4.6.4.1}{\376\377\000C\000o\000m\000p\000a\000r\000a\000c\000i\000o\000n\000\040\000d\000e\000\040\000a\000l\000g\000o\000r\000i\000t\000m\000o\000s\000\040\000d\000e\000\040\000B\000u\000s\000q\000u\000e\000d\000a\000s}{subsection.4.6.4}% 51
\BOOKMARK [3][-]{subsubsection.4.6.4.2}{\376\377\000C\000o\000m\000p\000a\000r\000a\000c\000i\000o\000n\000\040\000d\000e\000\040\000a\000l\000g\000o\000r\000i\000t\000m\000o\000s\000\040\000d\000e\000\040\000O\000r\000d\000e\000n\000a\000m\000i\000e\000n\000t\000o}{subsection.4.6.4}% 52
\BOOKMARK [2][-]{subsection.4.6.5}{\376\377\000A\000n\000\341\000l\000i\000s\000i\000s\000\040\000G\000e\000n\000e\000r\000a\000l}{section.4.6}% 53
\BOOKMARK [0][-]{chapter.5}{\376\377\000C\000o\000n\000c\000l\000u\000s\000i\000\363\000n}{}% 54
\BOOKMARK [0][-]{chapter.6}{\376\377\000A\000n\000e\000x\000o\000s}{}% 55
\BOOKMARK [1][-]{section.6.1}{\376\377\000C\000\363\000d\000i\000g\000o\000\040\000f\000u\000e\000n\000t\000e}{chapter.6}% 56
\BOOKMARK [1][-]{section.6.2}{\376\377\000C\000o\000n\000t\000r\000i\000b\000u\000c\000i\000\363\000n\000\040\000p\000o\000r\000\040\000i\000n\000t\000e\000g\000r\000a\000n\000t\000e}{chapter.6}% 57
\BOOKMARK [2][-]{subsection.6.2.1}{\376\377\000I\000v\000\341\000n\000\040\000G\000a\000l\000l\000a\000r\000d\000o}{section.6.2}% 58
\BOOKMARK [2][-]{subsection.6.2.2}{\376\377\000P\000a\000b\000l\000o\000\040\000G\000\363\000m\000e\000z}{section.6.2}% 59
\BOOKMARK [2][-]{subsection.6.2.3}{\376\377\000A\000y\000r\000t\000o\000n\000\040\000M\000o\000r\000r\000i\000s\000o\000n}{section.6.2}% 60
